warning: unused variable: `right`
   --> src/lib.rs:357:43
    |
357 | ... { op, left, right } = arena.get(roo...
    |                 ^^^^^ help: try ignoring the field: `right: _`
    |
    = note: `#[warn(unused_variables)]` (part of `#[warn(unused)]`) on by default

warning: `mal_parser` (lib test) generated 1 warning (run `cargo fix --lib -p mal_parser --tests` to apply 1 suggestion)
    Finished `release` profile [optimized] target(s) in 0.02s
     Running unittests src/lib.rs (MAL/src/parser/target/release/deps/mal_parser-e96432f7d30f5de2)

running 9 tests
test tests::test_parse_assignment ... ok
test tests::test_parse_binary_add ... ok
test tests::test_parse_binary_mul ... ok
test tests::test_parse_block ... ok
test tests::test_parse_error_expected_paren ... ok
test tests::test_parse_error_unexpected_eof ... ok
test tests::test_parse_number ... ok
test tests::test_parse_parens ... ok
test tests::test_parse_precedence ... ok

test result: ok. 9 passed; 0 failed; 0 ignored; 0 measured; 0 filtered out; finished in 0.00s

   Doc-tests mal_parser

running 0 tests

test result: ok. 0 passed; 0 failed; 0 ignored; 0 measured; 0 filtered out; finished in 0.00s

