
============================================================
  PHASE 39: Threads (clone syscall)
============================================================
  [PASS] t39_basic: 42
  [PASS] t39_loop: 5050
  [PASS] t39_multi: 25
  [PASS] t39_fib: 610

============================================================
  PHASE 40: FFI (native x86_64)
============================================================
  [FAIL] t40_sqrt: دالة غير معرفة: جذر
  [FAIL] t40_sqrt2: دالة غير معرفة: جذر
  [FAIL] t40_sqrt3: دالة غير معرفة: جذر
  [FAIL] t40_floor: دالة غير معرفة: أرضية
  [FAIL] t40_pow: دالة غير معرفة: قوة
  [FAIL] t40_pow2: دالة غير معرفة: قوة
  [FAIL] t40_abs: دالة غير معرفة: مطلق
  [FAIL] t40_abs2: دالة غير معرفة: مطلق

============================================================
  PHASE 41: Channels (pipe2)
============================================================
  [FAIL] t41_basic: دالة غير معرفة: قناة
  [FAIL] t41_multi: دالة غير معرفة: قناة

============================================================
  PHASE 42: Generics
============================================================
  [PASS] t42_id_int: 42
  [FAIL] t42_id_str: expected 'مرحبا', got '4209213'
  [PASS] t42_swap: 20
10
  [FAIL] t42_index: رمز غير معروف: [
  [FAIL] t42_map: رمز غير معروف: ّ
  [FAIL] t42_fold: رمز غير معروف: ِ

============================================================
  CORE: Backward compatibility
============================================================
  [PASS] t_fact: 120
  [PASS] t_foreach: 10
  [PASS] t_move_valid: 3
  [PASS] t_num2str: 42

============================================================
  RESULTS: 10/24 passed
  14 tests failed
============================================================
