==================================================
المرحلة 1: اختبارات المُجمّع
==================================================
✅ (t_fact): 120
✅ (t_foreach): 10
✅ (t_block): 32
✅ (t_move_valid): 3
✅ (t_move_str): مرحبا
✅ (t_reassign_after_move): 2
✅ (t_use_after_move): رفض صحيح — خطأ ملكية ⊸: 'أ' مستهلك — نُقلت ملكيته ولا يمكن استخدامه
✅ (t_double_move): رفض صحيح — خطأ ملكية ⊸: 'أ' مستهلك بالفعل — لا يمكن نقله مرتين
✅ (t_move_in_block): رفض صحيح — خطأ ملكية ⊸: 'أ' مستهلك — نُقلت ملكيته ولا يمكن استخدامه
✅ (t_read_echo): مرحبا
✅ (t_read_size): 10
✅ (t_char): 97
✅ (t_char2): 217
✅ (t_num2str): 42
✅ (t_str2num): 123
✅ (t_roundtrip): 99

🎉 المرحلة 1: جميع الاختبارات نجحت!

==================================================
المرحلة 2: الآلة الحاسبة التفاعلية
==================================================

🔧 تجميع الآلة الحاسبة...
✅ تم التجميع

🔢 التشغيل (5 + 3):
أدخل عدداً:
أدخل عدداً ثانياً:
المجموع:
8

✅ الآلة الحاسبة تعمل!

==================================================
🏆 جميع المراحل نجحت!
==================================================
