   Compiling mal_parser v0.1.0 (/root/ilm-al-kitab/MAL/src/parser)
warning: unused variable: `right`
   --> src/lib.rs:514:43
    |
514 |         if let ASTNode::BinOp { op, left, right } = arena.get(root).unwrap() {
    |                                           ^^^^^ help: try ignoring the field: `right: _`
    |
    = note: `#[warn(unused_variables)]` (part of `#[warn(unused)]`) on by default

warning: `mal_parser` (lib test) generated 1 warning (run `cargo fix --lib -p mal_parser --tests` to apply 1 suggestion)
    Finished `release` profile [optimized] target(s) in 0.94s
     Running unittests src/lib.rs (target/release/deps/mal_parser-e96432f7d30f5de2)

running 32 tests
test tests::test_forall_type_tag ... ok
test tests::test_linear_let_api ... ok
test tests::test_linear_let_type_tag ... ok
test tests::test_parse_binary_add ... ok
test tests::test_parse_assignment ... ok
test tests::test_parse_binary_mul ... ok
test tests::test_parse_block ... ok
test tests::test_parse_concat_basic ... ok
test tests::test_parse_concat_chain ... ok
test tests::test_parse_error_expected_paren ... ok
test tests::test_parse_concat_with_plus ... ok
test tests::test_parse_error_unexpected_eof ... ok
test tests::test_parse_exists_basic ... ok
test tests::test_parse_exists_with_body ... ok
test tests::test_parse_forall_basic ... ok
test tests::test_parse_forall_nested ... ok
test tests::test_parse_forall_with_body ... ok
test tests::test_parse_lambda_simple ... ok
test tests::test_parse_lambda_apply ... ok
test tests::test_parse_lambda_two_params ... ok
test tests::test_parse_lambda_with_binop ... ok
test tests::test_parse_mu_basic ... ok
test tests::test_parse_mu_with_body ... ok
test tests::test_parse_mu_with_condition ... ok
test tests::test_parse_number ... ok
test tests::test_parse_precedence ... ok
test tests::test_parse_parens ... ok
test tests::test_parse_set_literal_empty ... ok
test tests::test_parse_set_literal_multi_elem ... ok
test tests::test_parse_set_literal_one_elem ... ok
test tests::test_set_membership_api ... ok
test tests::test_set_type_tag ... ok

test result: ok. 32 passed; 0 failed; 0 ignored; 0 measured; 0 filtered out; finished in 0.00s

   Doc-tests mal_parser

running 0 tests

test result: ok. 0 passed; 0 failed; 0 ignored; 0 measured; 0 filtered out; finished in 0.00s

